  AssimpGLMHelpers.hpp
  main.cpp
C:\Program Files (x86)\Windows Kits\10\Include\10.0.19041.0\shared\minwindef.h(130,1): warning C4005: 'APIENTRY': macro redefinition
G:\Console app\Elementalworld\Elementalworld\vendor\Include\glad\glad.h(27): message : see previous definition of 'APIENTRY'
G:\Console app\Elementalworld\Elementalworld\src\world\Block.hpp(28,12): warning C4244: 'initializing': conversion from 'T' to 'int32_t', possible loss of data
          with
          [
              T=float
          ]
G:\Console app\Elementalworld\Elementalworld\src\world\Block.hpp(29,12): warning C4244: 'initializing': conversion from 'T' to 'int32_t', possible loss of data
          with
          [
              T=float
          ]
G:\Console app\Elementalworld\Elementalworld\src\world\Block.hpp(30,12): warning C4244: 'initializing': conversion from 'T' to 'int32_t', possible loss of data
          with
          [
              T=float
          ]
G:\Console app\Elementalworld\Elementalworld\src\world\Block.hpp(31,12): warning C4244: 'initializing': conversion from 'T' to 'int32_t', possible loss of data
          with
          [
              T=float
          ]
G:\Console app\Elementalworld\Elementalworld\common\GUI\Button.hpp(23,35): warning C4244: 'argument': conversion from 'float' to 'T', possible loss of data
          with
          [
              T=int
          ]
G:\Console app\Elementalworld\Elementalworld\common\GUI\Button.hpp(32,36): warning C4244: '+=': conversion from 'float' to 'T', possible loss of data
          with
          [
              T=int
          ]
G:\Console app\Elementalworld\Elementalworld\src\world\World.hpp(1290,18): warning C4244: 'initializing': conversion from 'uint32_t' to 'float', possible loss of data
G:\Console app\Elementalworld\Elementalworld\src\world\World.hpp(1290,26): warning C4244: 'initializing': conversion from 'uint32_t' to 'float', possible loss of data
  glad.c
  Generating code
  Previous IPDB not found, fall back to full compilation.
  All 7743 functions were compiled because no usable IPDB/IOBJ from previous compilation was found.
  Finished generating code
  Elementalworld.vcxproj -> G:\Console app\Elementalworld\Elementalworld\bin\Release\Elementalworld\Elementalworld.exe
